// Jest Snapshot v1, https://goo.gl/fbAQLP

exports[`Board.clearLine 1`] = `
Object {
  "16": 9,
  "17": 9,
  "18": 9,
  "19": 9,
  "217": 8,
  "218": 3,
  "219": 4,
  "221": 5,
  "223": 6,
  "225": 7,
  "229": 8,
  "230": 3,
  "231": 4,
  "233": 5,
  "235": 6,
  "237": 7,
}
`;

exports[`Board.dropCurrent 1`] = `
Object {
  "i": 6,
  "j": 7,
  "l": 7,
  "o": 10,
  "s": 10,
  "t": 7,
  "z": 10,
}
`;

exports[`Board.rotateCurrent 1`] = `
Object {
  "i": "16,17,18,19|5,17,29,41|16,17,18,19|5,17,29,41|16,17,18,19",
  "j": "6,16,17,18|5,17,29,30|16,17,18,28|4,5,17,29|6,16,17,18",
  "l": "4,16,17,18|5,6,17,29|16,17,18,30|5,17,28,29|4,16,17,18",
  "o": "17,18,29,30|17,18,29,30|17,18,29,30|17,18,29,30|17,18,29,30",
  "s": "17,18,28,29|4,16,17,29|5,6,16,17|5,17,18,30|17,18,28,29",
  "t": "5,16,17,18|5,17,18,29|16,17,18,29|5,16,17,29|5,16,17,18",
  "z": "16,17,29,30|5,16,17,28|4,5,17,18|6,17,18,29|16,17,29,30",
}
`;
