// Jest Snapshot v1, https://goo.gl/fbAQLP

exports[`splitmix64 1`] = `"3,1,5,6,6,4,0,3,0,2,0,3,7,2,7,7,1,3,4,2,5,2,5,0,1,1,2,5,5,1,2,3,6,2,2,6,1,4,6,4,4,0,2,2,5,4,3,7,7,3"`;
